Microchip MPLAB XC8 Compiler V2.50

Linker command line:

-W-3 \
  --edf=C:\Program Files\Microchip\xc8\v2.50\pic\dat\20240725155939_en.msgs \
  -cn -h+dist/default/production\NightClub.X.production.sym \
  --cmf=dist/default/production\NightClub.X.production.cmf -z -Q18F4520 \
  -oC:\Users\pinky\AppData\Local\Temp\xcAso8c.\driver_tmp_3.o \
  --defsym=__MPLAB_BUILD=1 --fixupoverflow=error \
  -Mdist/default/production/NightClub.X.production.map \
  --md=C:\Users\pinky\AppData\Local\Temp\xcAso8c.\driver_tmp_0.dat -E1 \
  -ver=XC8 Compiler --acfsm=1493 -ACODE=00h-07FFFh -ACONST=00h-07FFFh \
  -ASMALLCONST=0600h-06FFhx122 -AMEDIUMCONST=0600h-07FFFh -ACOMRAM=01h-07Fh \
  -AABS1=00h-05FFh -ABIGRAM=01h-05FFh -ARAM=080h-0FFh,0100h-01FFhx5 \
  -ABANK0=080h-0FFh -ABANK1=0100h-01FFh -ABANK2=0200h-02FFh \
  -ABANK3=0300h-03FFh -ABANK4=0400h-04FFh -ABANK5=0500h-05FFh \
  -ASFR=0F80h-0FFFh -ABIGSFR=0F80h-0FFFh -ACONFIG=0300000h-030000Dh \
  -AIDLOC=0200000h-0200007h -AEEDATA=0F00000h-0F000FFh -peeprom_data=EEDATA \
  -preset_vec=00h,intcode,sivt_hi,intcodelo,sivt_lo,powerup,init \
  -pramtop=0600h -psmallconst=SMALLCONST -pmediumconst=MEDIUMCONST \
  -pconst=CONST -AFARRAM=00h-00h \
  -prdata=COMRAM,nvrram=COMRAM,nvbit=COMRAM,rbss=COMRAM,rbit=COMRAM \
  -pfarbss=FARRAM,fardata=FARRAM,nvFARRAM=FARRAM \
  -pintsave_regs=BIGRAM,bigbss=BIGRAM,bigdata=BIGRAM -pbss=RAM \
  -pidata=CODE,irdata=CODE,ibigdata=CODE,ifardata=CODE -prparam=COMRAM \
  C:\Users\pinky\AppData\Local\Temp\xcAso8c.\driver_tmp_9.o \
  dist/default/production\NightClub.X.production.o 

Object code version is 3.11

Machine type is 18F4520



                Name                               Link     Load   Length Selector   Space Scale
C:\Users\pinky\AppData\Local\Temp\xcAso8c.\driver_tmp_9.o
                idloc                            200000   200000        8        0       5
                config                           300000   300000        E        0       4
                init                                  0        0        4        0       0
dist/default/production\NightClub.X.production.o
                idloc                            200000   200000        8        0       5
                config                           300000   300000        E        0       4
                smallconst                          600      600        2      300       0
                text8                               9BC      9BC       24      301       0
                text7                               906      906       38      301       0
                text6                               93E      93E       34      301       0
                text5                               972      972       26      301       0
                text4                               998      998       24      301       0
                text3                               72C      72C       C2      301       0
                text2                               890      890       76      301       0
                text1                               602      602      12A      301       0
                text0                               7EE      7EE       A2      301       0
                cstackCOMRAM                          1        1       17        1       1
                cinit                               9E0      9E0        A      301       0

TOTAL           Name                               Link     Load   Length     Space
        CLASS   CODE           
                init                                  0        0        4         0
                text8                               9BC      9BC       24         0
                text7                               906      906       38         0
                text6                               93E      93E       34         0
                text5                               972      972       26         0
                text4                               998      998       24         0
                text3                               72C      72C       C2         0
                text2                               890      890       76         0
                text1                               602      602      12A         0
                text0                               7EE      7EE       A2         0
                cinit                               9E0      9E0        A         0

        CLASS   CONST          

        CLASS   SMALLCONST     
                smallconst                          600      600        2         0

        CLASS   MEDIUMCONST    

        CLASS   COMRAM         
                cstackCOMRAM                          1        1       17         1

        CLASS   ABS1           

        CLASS   BIGRAM         

        CLASS   RAM            

        CLASS   BANK0          

        CLASS   BANK1          

        CLASS   BANK2          

        CLASS   BANK3          

        CLASS   BANK4          

        CLASS   BANK5          

        CLASS   SFR            

        CLASS   BIGSFR         

        CLASS   CONFIG         
                config                           300000   300000        E         4

        CLASS   IDLOC          
                idloc                            200000   200000        8         5

        CLASS   EEDATA         

        CLASS   FARRAM         

        CLASS   HEAP           

        CLASS   STACK          



SEGMENTS        Name                           Load    Length   Top    Selector   Space  Class

                reset_vec                      000000  000004  000004         0       0  CODE    
                cstackCOMRAM                   000001  000017  000018         1       1  COMRAM  
                smallconst                     000600  000002  000602       300       0  SMALLCON
                text1                          000602  0003E8  0009EA       301       0  CODE    


UNUSED ADDRESS RANGES

        Name                Unused          Largest block    Delta
        BANK0            000080-0000FF               80
        BANK1            000100-0001FF              100
        BANK2            000200-0002FF              100
        BANK3            000300-0003FF              100
        BANK4            000400-0004FF              100
        BANK5            000500-0005FF              100
        BIGRAM           000018-0005FF              5E8
        BIGSFR           000F80-000FFF               80
        CODE             000004-0005FF              5FC
                         0009EA-007FFF             7616
        COMRAM           000018-00007F               68
        CONST            000004-0005FF              5FC
                         0009EA-007FFF             7616
        EEDATA           F00000-F000FF              100
        MEDIUMCONST      0009EA-007FFF             7616
        RAM              000080-0005FF              100
        SFR              000F80-000FFF               80
        SMALLCONST       0009EA-007FFF              100

                                  Symbol Table

?_DS18B20_ReadTemperature             cstackCOMRAM 000009
?___awdiv                             cstackCOMRAM 000001
DS18B20_ReadBit@bitVal                cstackCOMRAM 000001
DS18B20_ReadByte@i                    cstackCOMRAM 000005
DS18B20_ReadByte@value                cstackCOMRAM 000004
DS18B20_ReadTemperature@rawTemp       cstackCOMRAM 00000D
DS18B20_ReadTemperature@tempH         cstackCOMRAM 000010
DS18B20_ReadTemperature@tempL         cstackCOMRAM 00000F
DS18B20_Reset@presence                cstackCOMRAM 000001
DS18B20_WriteBit@dBit                 cstackCOMRAM 000001
DS18B20_WriteByte@data                cstackCOMRAM 000002
DS18B20_WriteByte@i                   cstackCOMRAM 000003
_ADCON1                               (abs)        000FC1
_DS18B20_ReadBit                      text8        0009BC
_DS18B20_ReadByte                     text7        000906
_DS18B20_ReadTemperature              text2        000890
_DS18B20_Reset                        text6        00093E
_DS18B20_WriteBit                     text5        000972
_DS18B20_WriteByte                    text4        000998
_LATAbits                             (abs)        000F89
_OSCCON                               (abs)        000FD3
_PORTAbits                            (abs)        000F80
_PORTCbits                            (abs)        000F82
_PORTD                                (abs)        000F83
_TRISAbits                            (abs)        000F92
_TRISCbits                            (abs)        000F94
_TRISD                                (abs)        000F95
__HRAM                                (abs)        000000
__H__absolute__                       __absolute__ 000000
__Habs1                               abs1         000000
__Hbank0                              bank0        000000
__Hbank1                              bank1        000000
__Hbank2                              bank2        000000
__Hbank3                              bank3        000000
__Hbank4                              bank4        000000
__Hbank5                              bank5        000000
__Hbigbss                             bigbss       000000
__Hbigdata                            bigdata      000000
__Hbigram                             bigram       000000
__Hbigsfr                             bigsfr       000000
__Hbss                                bss          000000
__Hcinit                              cinit        000000
__Hclrtext                            clrtext      000000
__Hcomram                             comram       000000
__Hconfig                             config       30000E
__Hconst                              const        000000
__HcstackCOMRAM                       cstackCOMRAM 000000
__Hdata                               data         000000
__Heeprom_data                        eeprom_data  000000
__Hfarbss                             farbss       000000
__Hfardata                            fardata      000000
__Hheap                               heap         000000
__Hibigdata                           ibigdata     000000
__Hidata                              idata        000000
__Hidloc                              idloc        200008
__Hifardata                           ifardata     000000
__Hinit                               init         000004
__Hintcode                            intcode      000000
__Hintcode_body                       intcode_body 000000
__Hintcodelo                          intcodelo    000000
__Hintentry                           intentry     000000
__Hintret                             intret       000000
__Hintsave_regs                       intsave_regs 000000
__Hirdata                             irdata       000000
__Hmediumconst                        mediumconst  000000
__HnvFARRAM                           nvFARRAM     000000
__Hnvbit                              nvbit        000000
__Hnvrram                             nvrram       000000
__Hparam                              rparam       000000
__Hpowerup                            powerup      000000
__Hram                                ram          000000
__Hramtop                             ramtop       000600
__Hrbit                               rbit         000000
__Hrbss                               rbss         000000
__Hrdata                              rdata        000000
__Hreset_vec                          reset_vec    000000
__Hrparam                             rparam       000000
__Hsfr                                sfr          000000
__Hsivt_hi                            sivt_hi      000000
__Hsivt_lo                            sivt_lo      000000
__Hsmallconst                         smallconst   000602
__Hspace_0                            (abs)        0009EA
__Hspace_1                            (abs)        000018
__Hspace_2                            (abs)        000000
__Hspace_4                            (abs)        60000E
__Hstack                              stack        000000
__Hstruct                             struct       000000
__Htemp                               temp         000000
__Htext                               text         000000
__Htext0                              text0        000000
__Htext1                              text1        000000
__Htext2                              text2        000000
__Htext3                              text3        000000
__Htext4                              text4        000000
__Htext5                              text5        000000
__Htext6                              text6        000000
__Htext7                              text7        000000
__Htext8                              text8        000000
__LRAM                                (abs)        000001
__L__absolute__                       __absolute__ 000000
__Labs1                               abs1         000000
__Lbank0                              bank0        000000
__Lbank1                              bank1        000000
__Lbank2                              bank2        000000
__Lbank3                              bank3        000000
__Lbank4                              bank4        000000
__Lbank5                              bank5        000000
__Lbigbss                             bigbss       000000
__Lbigdata                            bigdata      000000
__Lbigram                             bigram       000000
__Lbigsfr                             bigsfr       000000
__Lbss                                bss          000000
__Lcinit                              cinit        000000
__Lclrtext                            clrtext      000000
__Lcomram                             comram       000000
__Lconfig                             config       000000
__Lconst                              const        000000
__LcstackCOMRAM                       cstackCOMRAM 000000
__Ldata                               data         000000
__Leeprom_data                        eeprom_data  000000
__Lfarbss                             farbss       000000
__Lfardata                            fardata      000000
__Lheap                               heap         000000
__Libigdata                           ibigdata     000000
__Lidata                              idata        000000
__Lidloc                              idloc        000000
__Lifardata                           ifardata     000000
__Linit                               init         000000
__Lintcode                            intcode      000000
__Lintcode_body                       intcode_body 000000
__Lintcodelo                          intcodelo    000000
__Lintentry                           intentry     000000
__Lintret                             intret       000000
__Lintsave_regs                       intsave_regs 000000
__Lirdata                             irdata       000000
__Lmediumconst                        mediumconst  000000
__LnvFARRAM                           nvFARRAM     000000
__Lnvbit                              nvbit        000000
__Lnvrram                             nvrram       000000
__Lparam                              rparam       000000
__Lpowerup                            powerup      000000
__Lram                                ram          000000
__Lramtop                             ramtop       000600
__Lrbit                               rbit         000000
__Lrbss                               rbss         000000
__Lrdata                              rdata        000000
__Lreset_vec                          reset_vec    000000
__Lrparam                             rparam       000000
__Lsfr                                sfr          000000
__Lsivt_hi                            sivt_hi      000000
__Lsivt_lo                            sivt_lo      000000
__Lsmallconst                         smallconst   000600
__Lspace_0                            (abs)        000000
__Lspace_1                            (abs)        000000
__Lspace_2                            (abs)        000000
__Lspace_4                            (abs)        000000
__Lstack                              stack        000000
__Lstruct                             struct       000000
__Ltemp                               temp         000000
__Ltext                               text         000000
__Ltext0                              text0        000000
__Ltext1                              text1        000000
__Ltext2                              text2        000000
__Ltext3                              text3        000000
__Ltext4                              text4        000000
__Ltext5                              text5        000000
__Ltext6                              text6        000000
__Ltext7                              text7        000000
__Ltext8                              text8        000000
__S0                                  (abs)        0009EA
__S1                                  (abs)        000018
__S4                                  (abs)        000000
__S5                                  (abs)        000000
___awdiv                              text3        00072C
___awdiv@counter                      cstackCOMRAM 000005
___awdiv@dividend                     cstackCOMRAM 000001
___awdiv@divisor                      cstackCOMRAM 000003
___awdiv@quotient                     cstackCOMRAM 000007
___awdiv@sign                         cstackCOMRAM 000006
___heap_hi                            (abs)        000000
___heap_lo                            (abs)        000000
___inthi_sp                           stack        000000
___inthi_stack_hi                     stack        000000
___inthi_stack_lo                     stack        000000
___intlo_sp                           stack        000000
___intlo_stack_hi                     stack        000000
___intlo_stack_lo                     stack        000000
___param_bank                         (abs)        000000
___rparam_used                        (abs)        000001
___sp                                 stack        000000
___stack_hi                           stack        000000
___stack_lo                           stack        000000
__accesstop                           (abs)        000080
__activetblptr                        (abs)        000002
__end_of_DS18B20_ReadBit              text8        0009E0
__end_of_DS18B20_ReadByte             text7        00093E
__end_of_DS18B20_ReadTemperature      text2        000906
__end_of_DS18B20_Reset                text6        000972
__end_of_DS18B20_WriteBit             text5        000998
__end_of_DS18B20_WriteByte            text4        0009BC
__end_of___awdiv                      text3        0007EE
__end_of__initialization              cinit        0009E0
__end_of_displayTemperatureDifference text1        00072C
__end_of_main                         text0        000890
__initialization                      cinit        0009E0
__mediumconst                         mediumconst  000000
__pcinit                              cinit        0009E0
__pcstackCOMRAM                       cstackCOMRAM 000001
__psmallconst                         smallconst   000600
__ptext0                              text0        0007EE
__ptext1                              text1        000602
__ptext2                              text2        000890
__ptext3                              text3        00072C
__ptext4                              text4        000998
__ptext5                              text5        000972
__ptext6                              text6        00093E
__ptext7                              text7        000906
__ptext8                              text8        0009BC
__ramtop                              ramtop       000600
__smallconst                          smallconst   000600
_displayTemperatureDifference         text1        000602
_main                                 text0        0007EE
displayTemperatureDifference@diff     cstackCOMRAM 000001
end_of_initialization                 cinit        0009E0
intlevel0                             text         000000
intlevel1                             text         000000
intlevel2                             text         000000
intlevel3                             text         000000
isa$std                               (abs)        000001
isa$xinst                             (abs)        000000
main@newTemp                          cstackCOMRAM 000016
main@oldTemp                          cstackCOMRAM 000013
main@presenceOK                       cstackCOMRAM 000015
stackhi                               (abs)        000000
stacklo                               (abs)        000000
start                                 init         000000
start_initialization                  cinit        0009E0


MODULE INFORMATION

Module		Function		Class		Link	Load	Size
temperature.c
		_DS18B20_ReadByte		CODE           	0906	0000	56
		_DS18B20_WriteBit		CODE           	0972	0000	38
		_DS18B20_Reset 		CODE           	093E	0000	52
		_main          		CODE           	07EE	0000	162
		_DS18B20_WriteByte		CODE           	0998	0000	36
		_DS18B20_ReadBit		CODE           	09BC	0000	36
		_DS18B20_ReadTemperature		CODE           	0890	0000	118
		_displayTemperatureDifference		CODE           	0602	0000	298

temperature.c estimated size: 796

shared
		__initialization		CODE           	09E0	0000	1

shared estimated size: 1

C:\Program Files\Microchip\xc8\v2.50\pic\sources\c99\common\awdiv.c
		___awdiv       		CODE           	072C	0000	194

C:\Program Files\Microchip\xc8\v2.50\pic\sources\c99\common\awdiv.c estimated size: 194

